[html.themability.com/soccer/index.html]
[backblue.gif]
[fade.gif]
[index.html]
[html.themability.com/soccer/assets/images/favicon.png]
[html.themability.com/soccer/assets/css/bootstrap.min.css]
[cdnjs.cloudflare.com/ajax/libs/animate.css/3.3.0/animate.min.css]
[html.themability.com/soccer/assets/css/owl.carousel.css]
[cdnjs.cloudflare.com/ajax/libs/font-awesome/6.1.1/css/all.min.css]
[html.themability.com/soccer/assets/fonts/themability-font.css]
[html.themability.com/soccer/style.css]
[html.themability.com/soccer/assets/images/logo.png]
[html.themability.com/soccer/matches.html]
[html.themability.com/soccer/shop.html]
[html.themability.com/soccer/match-details.html]
[html.themability.com/soccer/schedule.html]
[html.themability.com/soccer/blog.html]
[html.themability.com/soccer/players-details.html]
[html.themability.com/soccer/contact.html]
[html.themability.com/soccer/assets/images/team_store/product1.png]
[html.themability.com/soccer/assets/images/team_store/product2.png]
[html.themability.com/soccer/product.html]
[html.themability.com/soccer/assets/images/slider/slider-1.png]
[html.themability.com/soccer/players.html]
[html.themability.com/soccer/shopping-cart.html]
[html.themability.com/soccer/assets/images/slider/slider-2.png]
[html.themability.com/soccer/assets/images/team_logo/brash-thugs.png]
[html.themability.com/soccer/assets/images/team_logo/clubber-langs.png]
[html.themability.com/soccer/assets/images/team_logo/fumble-this.png]
[html.themability.com/soccer/assets/images/team_logo/cougars.png]
[html.themability.com/soccer/assets/images/team_logo/Junior-Mints.png]
[html.themability.com/soccer/assets/images/team_store/product3.png]
[html.themability.com/soccer/assets/images/team_store/product4.png]
[html.themability.com/soccer/assets/images/team_store/product5.png]
[html.themability.com/soccer/assets/images/team_store/product6.png]
[html.themability.com/soccer/assets/images/team_store/product7.png]
[html.themability.com/soccer/assets/images/team_store/product8.png]
[html.themability.com/soccer/assets/images/team_store/product9.png]
[html.themability.com/soccer/assets/images/team_store/product12.png]
[html.themability.com/soccer/assets/images/gaming/group.png]
[html.themability.com/soccer/assets/images/gaming/gift.png]
[html.themability.com/soccer/assets/images/gaming/medal.png]
[html.themability.com/soccer/assets/images/gaming/trophy.png]
[html.themability.com/soccer/assets/images/banner/ban-1.png]
[html.themability.com/soccer/assets/images/blog/blog1.png]
[html.themability.com/soccer/ireland-qualification.html]
[html.themability.com/soccer/assets/images/blog/blog2.png]
[html.themability.com/soccer/assets/images/blog/blog3.png]
[html.themability.com/soccer/many-publishing-packages.html]
[html.themability.com/soccer/where-can-i-get.html]
[html.themability.com/soccer/assets/images/blog/blog4.png]
[html.themability.com/soccer/there-are-many-variations.html]
[html.themability.com/soccer/assets/images/blog/blog5.png]
[html.themability.com/soccer/it-is-established-fact.html]
[html.themability.com/soccer/assets/images/blog/blog6.png]
[html.themability.com/soccer/consectetur-adipiscing.html]
[html.themability.com/soccer/assets/images/playes/player4.png]
[html.themability.com/soccer/assets/images/playes/player2.png]
[html.themability.com/soccer/assets/images/playes/player3.png]
[html.themability.com/soccer/assets/images/playes/player1.png]
[html.themability.com/soccer/assets/images/testimonial/img1.png]
[html.themability.com/soccer/assets/images/testimonial/1.png]
[html.themability.com/soccer/assets/images/testimonial/2.png]
[html.themability.com/soccer/assets/images/testimonial/3.png]
[html.themability.com/soccer/assets/js/vendor/jquery-3.2.1.min.js]
[html.themability.com/soccer/assets/js/bootstrap.min.js]
[html.themability.com/soccer/assets/js/owl.carousel.min.js]
[cdnjs.cloudflare.com/ajax/libs/wow/1.1.2/wow.min.js]
[html.themability.com/soccer/index.html]
[html.themability.com/soccer/assets/css/bootstrap.min.css]
[cdnjs.cloudflare.com/ajax/libs/animate.css/3.3.0/animate.min.css]
[html.themability.com/soccer/assets/js/theme.js]
[html.themability.com/soccer/assets/css/owl.video.play.png]
[html.themability.com/soccer/assets/css/owl.carousel.css]
[cdnjs.cloudflare.com/ajax/libs/font-awesome/6.1.1/css/all.min.css]
[html.themability.com/soccer/assets/fonts/themability-font/themability2f2d.eot]
[html.themability.com/soccer/assets/fonts/themability-font/themability2f2d.ttf]
[html.themability.com/soccer/assets/fonts/themability-font/themability2f2d.woff]
[html.themability.com/soccer/assets/fonts/themability-font.css]
[html.themability.com/soccer/assets/fonts/themability-font/themability2f2d.svg]
[html.themability.com/soccer/assets/images/loader.gif]
[html.themability.com/soccer/assets/images/gaming/ChildrenBall.png]
[html.themability.com/soccer/assets/images/banner/ban-2.png]
[html.themability.com/soccer/assets/images/testimonial/img3.png]
[html.themability.com/soccer/assets/images/breadcrumb/breadcrumb.png]
[html.themability.com/soccer/assets/images/star.svg]
[html.themability.com/soccer/assets/images/star2.svg]
[html.themability.com/soccer/assets/images/banner/ban-3.png]
[html.themability.com/soccer/style.css]
[html.themability.com/soccer/assets/images/team_logo/king-pins.png]
[html.themability.com/soccer/matches.html]
[html.themability.com/soccer/assets/images/gaming/Goalkeeper.png]
[html.themability.com/soccer/match-details.html]
[html.themability.com/soccer/assets/images/team_store/product10.png]
[html.themability.com/soccer/assets/images/team_store/product11.png]
[html.themability.com/soccer/shop.html]
[html.themability.com/soccer/schedule.html]
[html.themability.com/soccer/blog.html]
[html.themability.com/soccer/assets/images/playes/player5.png]
[html.themability.com/soccer/assets/images/playes/player6.png]
[html.themability.com/soccer/assets/images/playes/player7.png]
[html.themability.com/soccer/assets/images/playes/player8.png]
[html.themability.com/soccer/players.html]
[html.themability.com/soccer/players-details.html]
[html.themability.com/soccer/assets/images/contact/contact.png]
[html.themability.com/soccer/contact.html]
[html.themability.com/soccer/product.html]
[html.themability.com/soccer/shopping-cart.html]
[html.themability.com/soccer/assets/images/blog_details/1.png]
[html.themability.com/soccer/ireland-qualification.html]
[html.themability.com/soccer/assets/images/blog_details/2.png]
[html.themability.com/soccer/many-publishing-packages.html]
[html.themability.com/soccer/assets/images/blog_details/3.png]
[html.themability.com/soccer/where-can-i-get.html]
[html.themability.com/soccer/assets/images/blog_details/4.png]
[html.themability.com/soccer/there-are-many-variations.html]
[html.themability.com/soccer/assets/images/blog_details/5.png]
[html.themability.com/soccer/it-is-established-fact.html]
[html.themability.com/soccer/assets/images/blog_details/6.png]
[html.themability.com/soccer/consectetur-adipiscing.html]
[html.themability.com/soccer/assets/fonts/themability-font/themability2f2d.svg]
[html.themability.com/soccer/assets/images/star.svg]
[html.themability.com/soccer/assets/images/star2.svg]
